// Jest Snapshot v1, https://goo.gl/fbAQLP

exports[`SpeechRecognition Init should initialize the SpeechRecognition service properly 1`] = `
 {
  "continuous": true,
  "interimResults": true,
  "lang": "en-US",
  "maxAlternatives": 10,
  "onend": [Function],
  "onerror": [Function],
  "onresult": [Function],
  "onstart": [Function],
  "start": [Function],
  "stop": [Function],
}
`;
